// Jest Snapshot v1, https://goo.gl/fbAQLP

exports[`ResourceList Initial render renders correctly when no resources passed in 1`] = `
<section
  id="resources"
>
  <h4>
    Something went wrong :(
  </h4>
  <p>
    We are unable to retrieve resources at this time.
  </p>
</section>
`;

exports[`ResourceList Initial render renders correctly when resources passed in 1`] = `
<div>
  <form>
    <h3>
      Filter!
    </h3>
    <label
      htmlFor="searchTerm"
    >
      Name
      <input
        aria-label="Name"
        id="searchTerm"
        name="searchTerm"
        onChange={[Function]}
        placeholder="search resources"
        type="text"
        value=""
      />
    </label>
    <label
      htmlFor="resourceSkillLevel"
    >
      Skill Level
    </label>
    <select
      id="resourceSkillLevel"
      name="resourceSkillLevel"
      onChange={[Function]}
      value=""
    >
      <option
        value=""
      >
        All
      </option>
      <option
        value="Beginner"
      >
        Beginner
      </option>
      <option
        value="Moderate"
      >
        Moderate
      </option>
      <option
        value="Advanced"
      >
        Advanced
      </option>
    </select>
    <label
      htmlFor="resourceFormat"
    >
      Format
    </label>
    <select
      id="resourceFormat"
      name="resourceFormat"
      onChange={[Function]}
      value=""
    >
      <option
        value=""
      >
        All
      </option>
      <option
        value="Article"
      >
        Article
      </option>
      <option
        value="Interactive"
      >
        Interactive
      </option>
      <option
        value="Tutorial"
      >
        Tutorial
      </option>
      <option
        value="Video"
      >
        Video
      </option>
    </select>
    <label
      htmlFor="resourceFocus"
    >
      Focus
    </label>
    <select
      id="resourceFocus"
      name="resourceFocus"
      onChange={[Function]}
      value=""
    >
      <option
        value=""
      >
        All
      </option>
      <option
        value="Front-end"
      >
        Front-end
      </option>
      <option
        value="Multiple"
      >
        Multiple
      </option>
      <option
        value="Algorithms"
      >
        Algorithms
      </option>
    </select>
  </form>
  <table
    id="resources"
  >
    <thead>
      <tr>
        <th
          className="active"
        >
          <button
            onClick={[Function]}
          >
            Name
             
            â†“
          </button>
        </th>
        <th
          className=""
        >
          <button
            onClick={[Function]}
          >
            Format
             
            
          </button>
        </th>
        <th
          className=""
        >
          <button
            onClick={[Function]}
          >
            Focus
             
            
          </button>
        </th>
        <th
          className=""
        >
          <button
            onClick={[Function]}
          >
            Skill Level
             
            
          </button>
        </th>
      </tr>
    </thead>
    <tbody>
      <tr>
        <td>
          <a
            href="/alligator/"
          >
            Alligator
          </a>
        </td>
        <td>
          Article
        </td>
        <td>
          Front-end
        </td>
        <td>
          All
        </td>
      </tr>
      <tr>
        <td>
          <a
            href="/badger/"
          >
            Badger
          </a>
        </td>
        <td>
          Interactive
        </td>
        <td>
          Algorithms
        </td>
        <td>
          Moderate
        </td>
      </tr>
      <tr>
        <td>
          <a
            href="/caterpillar/"
          >
            Caterpillar
          </a>
        </td>
        <td>
          Article
        </td>
        <td>
          Multiple
        </td>
        <td>
          Advanced
        </td>
      </tr>
      <tr>
        <td>
          <a
            href="/dolphin/"
          >
            Dolphin
          </a>
        </td>
        <td>
          Tutorial
        </td>
        <td>
          Multiple
        </td>
        <td>
          Beginner, Moderate
        </td>
      </tr>
      <tr>
        <td>
          <a
            href="/elephant/"
          >
            Elephant
          </a>
        </td>
        <td>
          Video
        </td>
        <td>
          Front-end
        </td>
        <td>
          Beginner
        </td>
      </tr>
    </tbody>
  </table>
</div>
`;
