// Jest Snapshot v1, https://goo.gl/fbAQLP

exports[`ResourceList Initial render renders correctly when no resources passed in 1`] = `
<div>
  <section
    className="tableWrap"
    css={
      Object {
        "map": undefined,
        "name": "o8h0qv",
        "next": undefined,
        "styles": "
overflow-x: scroll;
border-radius: 5px;
padding: 1rem;
boxShadow: 0 2px 2px 0 rgba(0,0,0,0.05);
border: 1px solid #eaeaea;
table {
  min-width: 600px;
  position: relative;
}
tbody > tr {
  border-bottom: 1px solid #eaeaea;
}
td {
  width: 25%;
  padding-top: 0.25rem;
}
td span.notFoundMessage {
  width: 100%;
  text-align: center;
  display: inline-block;
}
td a {
  display: inline-block;
  line-height: 1.25;
}
",
        "toString": [Function],
      }
    }
  >
    <table
      className="table"
    >
      <thead>
        <tr>
          <th
            style={
              Object {
                "textAlign": "left",
              }
            }
          >
            <button
              className="css-vhv7r1"
              onClick={[Function]}
            >
              Name
               
              â†“
            </button>
          </th>
          <th
            style={
              Object {
                "textAlign": "left",
              }
            }
          >
            <button
              className="css-vhv7r1"
              onClick={[Function]}
            >
              Format
               
              
            </button>
          </th>
          <th
            style={
              Object {
                "textAlign": "left",
              }
            }
          >
            <button
              className="css-vhv7r1"
              onClick={[Function]}
            >
              Focus
               
              
            </button>
          </th>
          <th
            style={
              Object {
                "textAlign": "left",
              }
            }
          >
            <button
              className="css-vhv7r1"
              onClick={[Function]}
            >
              Skill Level
               
              
            </button>
          </th>
        </tr>
      </thead>
      <tbody>
        <tr>
          <td>
            <div
              className="resourceDetails-wrapper"
              css={
                Object {
                  "map": undefined,
                  "name": "1f9ea78",
                  "next": undefined,
                  "styles": "
  position: relative;
  .resourceDetails {
    position: absolute;
    left: 0;
    max-width: 90vw;
    width: 300px;
    top: 110%;
    left: -0.4025rem;
    background: white;
    border-radius: 5px;
    box-shadow: 2px 2px 12px 1px rgba(0,0,0,0.25);
    padding: 0.805rem;
    z-index: 1000;
    border: 1px solid #e4e4e4;
    &:after {
      content: \\"\\";
      height: 12px;
      width: 12px;
      position: absolute;
      top: 0;
      background: white;
      transform: rotate(-45deg);
      transform-origin: 0 0;
      left: 0.805rem;
      border-right: 1px solid #e4e4e4;
      border-top: 1px solid #e4e4e4;
    }
    &.up {
      top: auto;
      bottom: 110%;
      &:after {
        top: auto;
        bottom: 0;
        transform: rotate(45deg);
        transform-origin: 0 100%;
        border-right: 1px solid #e4e4e4;
        border-bottom: 1px solid #e4e4e4;
        border-top: 0;
      }
    }
    h4 {
      margin: 0;
    }
    p {
      color: black;
    }
    p:last-child {
      margin-bottom: 0.805rem;
    }
    .btn-view {
      padding-right: 0.4025rem;
    }
    button, span {
      display: inline-block;
      font-size: 13px;
    }
    .right {
        float: right;
    }
  }
",
                  "toString": [Function],
                }
              }
            >
              <a
                onClick={[Function]}
                rel="noreferrer noopener"
                target="_blank"
              >
                Alligator
              </a>
            </div>
          </td>
          <td>
            Article
          </td>
          <td>
            Front-end
          </td>
          <td>
            All
          </td>
        </tr>
        <tr>
          <td>
            <div
              className="resourceDetails-wrapper"
              css={
                Object {
                  "map": undefined,
                  "name": "1f9ea78",
                  "next": undefined,
                  "styles": "
  position: relative;
  .resourceDetails {
    position: absolute;
    left: 0;
    max-width: 90vw;
    width: 300px;
    top: 110%;
    left: -0.4025rem;
    background: white;
    border-radius: 5px;
    box-shadow: 2px 2px 12px 1px rgba(0,0,0,0.25);
    padding: 0.805rem;
    z-index: 1000;
    border: 1px solid #e4e4e4;
    &:after {
      content: \\"\\";
      height: 12px;
      width: 12px;
      position: absolute;
      top: 0;
      background: white;
      transform: rotate(-45deg);
      transform-origin: 0 0;
      left: 0.805rem;
      border-right: 1px solid #e4e4e4;
      border-top: 1px solid #e4e4e4;
    }
    &.up {
      top: auto;
      bottom: 110%;
      &:after {
        top: auto;
        bottom: 0;
        transform: rotate(45deg);
        transform-origin: 0 100%;
        border-right: 1px solid #e4e4e4;
        border-bottom: 1px solid #e4e4e4;
        border-top: 0;
      }
    }
    h4 {
      margin: 0;
    }
    p {
      color: black;
    }
    p:last-child {
      margin-bottom: 0.805rem;
    }
    .btn-view {
      padding-right: 0.4025rem;
    }
    button, span {
      display: inline-block;
      font-size: 13px;
    }
    .right {
        float: right;
    }
  }
",
                  "toString": [Function],
                }
              }
            >
              <a
                onClick={[Function]}
                rel="noreferrer noopener"
                target="_blank"
              >
                Badger
              </a>
            </div>
          </td>
          <td>
            Interactive
          </td>
          <td>
            Algorithms
          </td>
          <td>
            Moderate
          </td>
        </tr>
        <tr>
          <td>
            <div
              className="resourceDetails-wrapper"
              css={
                Object {
                  "map": undefined,
                  "name": "1f9ea78",
                  "next": undefined,
                  "styles": "
  position: relative;
  .resourceDetails {
    position: absolute;
    left: 0;
    max-width: 90vw;
    width: 300px;
    top: 110%;
    left: -0.4025rem;
    background: white;
    border-radius: 5px;
    box-shadow: 2px 2px 12px 1px rgba(0,0,0,0.25);
    padding: 0.805rem;
    z-index: 1000;
    border: 1px solid #e4e4e4;
    &:after {
      content: \\"\\";
      height: 12px;
      width: 12px;
      position: absolute;
      top: 0;
      background: white;
      transform: rotate(-45deg);
      transform-origin: 0 0;
      left: 0.805rem;
      border-right: 1px solid #e4e4e4;
      border-top: 1px solid #e4e4e4;
    }
    &.up {
      top: auto;
      bottom: 110%;
      &:after {
        top: auto;
        bottom: 0;
        transform: rotate(45deg);
        transform-origin: 0 100%;
        border-right: 1px solid #e4e4e4;
        border-bottom: 1px solid #e4e4e4;
        border-top: 0;
      }
    }
    h4 {
      margin: 0;
    }
    p {
      color: black;
    }
    p:last-child {
      margin-bottom: 0.805rem;
    }
    .btn-view {
      padding-right: 0.4025rem;
    }
    button, span {
      display: inline-block;
      font-size: 13px;
    }
    .right {
        float: right;
    }
  }
",
                  "toString": [Function],
                }
              }
            >
              <a
                onClick={[Function]}
                rel="noreferrer noopener"
                target="_blank"
              >
                Caterpillar
              </a>
            </div>
          </td>
          <td>
            Article
          </td>
          <td>
            Multiple
          </td>
          <td>
            Advanced
          </td>
        </tr>
        <tr>
          <td>
            <div
              className="resourceDetails-wrapper"
              css={
                Object {
                  "map": undefined,
                  "name": "1f9ea78",
                  "next": undefined,
                  "styles": "
  position: relative;
  .resourceDetails {
    position: absolute;
    left: 0;
    max-width: 90vw;
    width: 300px;
    top: 110%;
    left: -0.4025rem;
    background: white;
    border-radius: 5px;
    box-shadow: 2px 2px 12px 1px rgba(0,0,0,0.25);
    padding: 0.805rem;
    z-index: 1000;
    border: 1px solid #e4e4e4;
    &:after {
      content: \\"\\";
      height: 12px;
      width: 12px;
      position: absolute;
      top: 0;
      background: white;
      transform: rotate(-45deg);
      transform-origin: 0 0;
      left: 0.805rem;
      border-right: 1px solid #e4e4e4;
      border-top: 1px solid #e4e4e4;
    }
    &.up {
      top: auto;
      bottom: 110%;
      &:after {
        top: auto;
        bottom: 0;
        transform: rotate(45deg);
        transform-origin: 0 100%;
        border-right: 1px solid #e4e4e4;
        border-bottom: 1px solid #e4e4e4;
        border-top: 0;
      }
    }
    h4 {
      margin: 0;
    }
    p {
      color: black;
    }
    p:last-child {
      margin-bottom: 0.805rem;
    }
    .btn-view {
      padding-right: 0.4025rem;
    }
    button, span {
      display: inline-block;
      font-size: 13px;
    }
    .right {
        float: right;
    }
  }
",
                  "toString": [Function],
                }
              }
            >
              <a
                onClick={[Function]}
                rel="noreferrer noopener"
                target="_blank"
              >
                Dolphin
              </a>
            </div>
          </td>
          <td>
            Tutorial
          </td>
          <td>
            Multiple
          </td>
          <td>
            Beginner, Moderate
          </td>
        </tr>
        <tr>
          <td>
            <div
              className="resourceDetails-wrapper"
              css={
                Object {
                  "map": undefined,
                  "name": "1f9ea78",
                  "next": undefined,
                  "styles": "
  position: relative;
  .resourceDetails {
    position: absolute;
    left: 0;
    max-width: 90vw;
    width: 300px;
    top: 110%;
    left: -0.4025rem;
    background: white;
    border-radius: 5px;
    box-shadow: 2px 2px 12px 1px rgba(0,0,0,0.25);
    padding: 0.805rem;
    z-index: 1000;
    border: 1px solid #e4e4e4;
    &:after {
      content: \\"\\";
      height: 12px;
      width: 12px;
      position: absolute;
      top: 0;
      background: white;
      transform: rotate(-45deg);
      transform-origin: 0 0;
      left: 0.805rem;
      border-right: 1px solid #e4e4e4;
      border-top: 1px solid #e4e4e4;
    }
    &.up {
      top: auto;
      bottom: 110%;
      &:after {
        top: auto;
        bottom: 0;
        transform: rotate(45deg);
        transform-origin: 0 100%;
        border-right: 1px solid #e4e4e4;
        border-bottom: 1px solid #e4e4e4;
        border-top: 0;
      }
    }
    h4 {
      margin: 0;
    }
    p {
      color: black;
    }
    p:last-child {
      margin-bottom: 0.805rem;
    }
    .btn-view {
      padding-right: 0.4025rem;
    }
    button, span {
      display: inline-block;
      font-size: 13px;
    }
    .right {
        float: right;
    }
  }
",
                  "toString": [Function],
                }
              }
            >
              <a
                onClick={[Function]}
                rel="noreferrer noopener"
                target="_blank"
              >
                Elephant
              </a>
            </div>
          </td>
          <td>
            Video
          </td>
          <td>
            Front-end
          </td>
          <td>
            Beginner
          </td>
        </tr>
      </tbody>
    </table>
  </section>
</div>
`;
